2026-05-15 11:33:28 | INFO     | __main__:_config_logging - Logs en D:\Desarrollo\Adaptador de ideas\logs
2026-05-15 11:33:28 | INFO     | __main__:main - Iniciando Gestor de Ideas v0.1.0
2026-05-15 11:33:28 | INFO     | __main__:main - Project root: D:\Desarrollo\Adaptador de ideas
2026-05-15 11:33:28 | INFO     | __main__:main - Configuración cargada desde D:\Desarrollo\Adaptador de ideas\config\app.yaml
2026-05-15 11:33:28 | INFO     | __main__:_check_schema_version - Migrando schema de v0 a v1...
2026-05-15 11:33:28 | INFO     | __main__:_run_migrations - Ejecutando migración v0 → v1...
2026-05-15 11:33:28 | INFO     | __main__:main - Base de datos inicializada en D:\Desarrollo\Adaptador de ideas\data\gestor_ideas.db
2026-05-15 11:33:29 | INFO     | __main__:main - Tema soft-dark aplicado
2026-05-15 11:33:30 | INFO     | __main__:main - Ventana principal visible — aplicación lista
2026-05-15 11:55:32 | INFO     | adaptador.services.job_service:delete_job - Job eliminado: id=83f14102-1d3c-4fa0-81a8-73852adce1f4
2026-05-15 11:55:33 | INFO     | adaptador.services.job_service:delete_job - Job eliminado: id=9fc9af4e-c12d-4dcf-b7dc-74ec13938e93
2026-05-15 11:55:33 | INFO     | adaptador.services.job_service:delete_job - Job eliminado: id=1dfbfa1f-b8d2-469c-9d8d-87a4d698c2db
2026-05-15 11:55:34 | INFO     | adaptador.services.job_service:delete_job - Job eliminado: id=1cbe1442-2619-43ae-9ccd-6050b3b56f79
2026-05-15 11:55:34 | INFO     | adaptador.services.job_service:delete_job - Job eliminado: id=055abc47-3b72-4b31-be57-c5ea41feb2ee
2026-05-15 11:55:34 | INFO     | adaptador.services.job_service:delete_job - Job eliminado: id=cbc88499-e8eb-4c7c-b4dc-2d43b352cad6
2026-05-15 11:55:35 | INFO     | adaptador.services.job_service:delete_job - Job eliminado: id=e4a7a55b-5af8-42f3-bc53-ee003d0e0c8b
2026-05-15 11:55:39 | INFO     | adaptador.services.job_service:enqueue_job - Job encolado: id=404507b6-abd9-45a0-92c0-80611b87a64f idea_id=b55cbb30-46d1-4f53-8f1a-e38436e9f1dc tipo=enriquecimiento max_intentos=3
2026-05-15 11:55:53 | INFO     | __main__:main - Aplicación cerrada correctamente
2026-05-15 12:01:53 | INFO     | __main__:_config_logging - Logs en D:\Desarrollo\Adaptador de ideas\logs
2026-05-15 12:01:53 | INFO     | __main__:main - Iniciando Gestor de Ideas v0.1.0
2026-05-15 12:01:53 | INFO     | __main__:main - Project root: D:\Desarrollo\Adaptador de ideas
2026-05-15 12:01:53 | INFO     | __main__:main - Configuración cargada desde D:\Desarrollo\Adaptador de ideas\config\app.yaml
2026-05-15 12:01:54 | INFO     | __main__:main - Base de datos inicializada en D:\Desarrollo\Adaptador de ideas\data\gestor_ideas.db
2026-05-15 12:01:54 | INFO     | __main__:main - Tema soft-dark aplicado
2026-05-15 12:01:55 | INFO     | __main__:main - Ventana principal visible — aplicación lista
2026-05-15 12:02:01 | INFO     | adaptador.services.job_service:start_job - Job iniciado: id=404507b6-abd9-45a0-92c0-80611b87a64f intento=1/3
2026-05-15 12:02:01 | INFO     | adaptador.ai.job_handler:handle - ai_job_started
2026-05-15 12:02:01 | INFO     | adaptador.ai.ollama_client:generate - ollama_request_started
2026-05-15 12:02:23 | WARNING  | adaptador.ai.ollama_client:generate - ollama_transient_error
2026-05-15 12:02:28 | INFO     | adaptador.ai.ollama_client:generate - ollama_request_started
2026-05-15 12:02:50 | WARNING  | adaptador.ai.ollama_client:generate - ollama_transient_error
2026-05-15 12:03:00 | INFO     | adaptador.ai.ollama_client:generate - ollama_request_started
2026-05-15 12:03:21 | WARNING  | adaptador.ai.ollama_client:generate - ollama_transient_error
2026-05-15 12:03:41 | INFO     | adaptador.ai.ollama_client:generate - ollama_request_started
2026-05-15 12:04:01 | WARNING  | adaptador.services.job_runner:process_one - Timeout procesando job: id=404507b6-abd9-45a0-92c0-80611b87a64f timeout_segundos=120
2026-05-15 12:04:01 | WARNING  | adaptador.services.job_service:fail_job - Job fallido: id=404507b6-abd9-45a0-92c0-80611b87a64f estado=pendiente intentos=1/3 retry=True
2026-05-15 12:08:21 | INFO     | adaptador.services.job_service:delete_job - Job eliminado: id=404507b6-abd9-45a0-92c0-80611b87a64f
2026-05-15 12:08:29 | INFO     | adaptador.services.idea_service:delete_idea - Idea eliminada: id=b55cbb30-46d1-4f53-8f1a-e38436e9f1dc
2026-05-15 12:12:04 | INFO     | __main__:main - Aplicación cerrada correctamente
